[ufmframe.link/index3254.html]
[backblue.gif]
[fade.gif]
[index.html]
[ufmframe.link/Scripts/jquery-2.0.3.min.js]
[ufmframe.link/Scripts/jquery.uploadPreview.min.js]
[ufmframe.link/Scripts/html2canvas.svg.js]
[ufmframe.link/Scripts/html2canvas.js]
[ufmframe.link/public/js/jquery-1.10.2.min.js]
[ufmframe.link/public/js/bootstrap.min.js]
[ufmframe.link/public/js/jquery.blockui.min.js]
[ufmframe.link/public/frontend/js/custom6d926d92.js]
[ufmframe.link/public/js/slick-1.6.0.min.js]
[ufmframe.link/upload/tansinhvien.png]
[ufmframe.link/upload/chibi.jpg]
[ufmframe.link/public/frontend/js/process6d926d92.js]
[ufmframe.link/index3254.html]
[ufmframe.link/Scripts/html2canvas.svg.js]
[ufmframe.link/public/css/font-awesome.min.css]
[ufmframe.link/public/css/bootstrap.min.css]
[ufmframe.link/public/frontend/css/style6d926d92.css]
[ufmframe.link/public/css/slick-1.6.0.css]
[ufmframe.link/public/frontend/css/frame6d926d92.css]
[ufmframe.link/connect.facebook.net/vi_VN/all.html]
[ufmframe.link/www.google-analytics.com/analytics.html]
[ufmframe.link/upload/tansinhvien.png]
[ufmframe.link/upload/chibi.jpg]
[ufmframe.link/public/fonts/fontawesome-webfonte0a5.html]
[ufmframe.link/public/fonts/fontawesome-webfontd41d.html]
[ufmframe.link/public/fonts/fontawesome-webfonte0a5-2.html]
[ufmframe.link/public/fonts/fontawesome-webfonte0a5-3.html]
[ufmframe.link/public/fonts/fontawesome-webfonte0a5-4.html]
[ufmframe.link/public/fonts/glyphicons-halflings-regular.html]
[ufmframe.link/public/fonts/glyphicons-halflings-regulard41d.html]
[ufmframe.link/public/fonts/glyphicons-halflings-regular-2.html]
[ufmframe.link/public/fonts/glyphicons-halflings-regular-3.html]
[ufmframe.link/public/fonts/glyphicons-halflings-regular-4.html]
[ufmframe.link/public/fonts/glyphicons-halflings-regular-5.html]
[ufmframe.link/public/img/waiting.html]
